Running training script for model:  with dataset at 
The following values were not passed to `accelerate launch` and had defaults used instead:
	`--num_processes` was set to a value of `1`
	`--num_machines` was set to a value of `1`
	`--mixed_precision` was set to a value of `'no'`
	`--dynamo_backend` was set to a value of `'no'`
To avoid this warning pass in values for each of the problematic parameters or run `accelerate config`.
Detected kernel version 4.18.0, which is below the recommended minimum of 5.5.0; this can cause the process to hang. It is recommended to upgrade the kernel to the minimum version or higher.
Detected kernel version 4.18.0, which is below the recommended minimum of 5.5.0; this can cause the process to hang. It is recommended to upgrade the kernel to the minimum version or higher.
Detected kernel version 4.18.0, which is below the recommended minimum of 5.5.0; this can cause the process to hang. It is recommended to upgrade the kernel to the minimum version or higher.
2025-06-23 23:18:35,029 - WARNING - Detected kernel version 4.18.0, which is below the recommended minimum of 5.5.0; this can cause the process to hang. It is recommended to upgrade the kernel to the minimum version or higher.
2025-06-23 23:18:35,444 - INFO - Total number of parameters: 42169432
2025-06-23 23:18:46,778 - INFO - train/valid set size: 9928 36
2025-06-23 23:18:46,789 - WARNING - Detected kernel version 4.18.0, which is below the recommended minimum of 5.5.0; this can cause the process to hang. It is recommended to upgrade the kernel to the minimum version or higher.
2025-06-23 23:18:46,977 - INFO - Loading checkpoint model: result/checkpoint.th
2025-06-23 23:18:49,585 - INFO - Learning rate adjusted to 0.000294
2025-06-23 23:18:49,587 - INFO - ----------------------------------------------------------------------
2025-06-23 23:18:49,587 - INFO - Training Epoch 18 ...
train_path /home/kaim/projects/def-ichiro/kaim/data/guitar_hum_dataset_final_random_config/train
valid_path /home/kaim/projects/def-ichiro/kaim/data/guitar_hum_dataset_final_random_config/valid
Valid path exists: True
metadata_file metadata/wav_40528281.json
metadata path metadata
args.wav /home/kaim/projects/def-ichiro/kaim/data/guitar_hum_dataset_final_random_config
  0%|          | 0/9928 [00:00<?, ?it/s]  0%|          | 1/9928 [00:06<17:23:35,  6.31s/it]  0%|          | 2/9928 [00:06<8:03:24,  2.92s/it] Traceback (most recent call last):
  File "/lustre06/project/6002780/kaim/SCNet/env/bin/accelerate", line 8, in <module>
    sys.exit(main())
  File "/lustre06/project/6002780/kaim/SCNet/env/lib/python3.10/site-packages/accelerate/commands/accelerate_cli.py", line 48, in main
    args.func(args)
  File "/lustre06/project/6002780/kaim/SCNet/env/lib/python3.10/site-packages/accelerate/commands/launch.py", line 1097, in launch_command
    simple_launcher(args)
  File "/lustre06/project/6002780/kaim/SCNet/env/lib/python3.10/site-packages/accelerate/commands/launch.py", line 703, in simple_launcher
    raise subprocess.CalledProcessError(returncode=process.returncode, cmd=cmd)
subprocess.CalledProcessError: Command '['/lustre06/project/6002780/kaim/SCNet/env/bin/python3', '-m', 'scnet.train']' died with <Signals.SIGFPE: 8>.
