Running training script for model:  with dataset at 
The following values were not passed to `accelerate launch` and had defaults used instead:
	`--num_processes` was set to a value of `1`
	`--num_machines` was set to a value of `1`
	`--mixed_precision` was set to a value of `'no'`
	`--dynamo_backend` was set to a value of `'no'`
To avoid this warning pass in values for each of the problematic parameters or run `accelerate config`.
Detected kernel version 4.18.0, which is below the recommended minimum of 5.5.0; this can cause the process to hang. It is recommended to upgrade the kernel to the minimum version or higher.
Detected kernel version 4.18.0, which is below the recommended minimum of 5.5.0; this can cause the process to hang. It is recommended to upgrade the kernel to the minimum version or higher.
Traceback (most recent call last):
  File "/cvmfs/soft.computecanada.ca/easybuild/software/2023/x86-64-v3/Compiler/gcccore/python/3.10.13/lib/python3.10/runpy.py", line 196, in _run_module_as_main
    return _run_code(code, main_globals, None,
  File "/cvmfs/soft.computecanada.ca/easybuild/software/2023/x86-64-v3/Compiler/gcccore/python/3.10.13/lib/python3.10/runpy.py", line 86, in _run_code
    exec(code, run_globals)
  File "/lustre06/project/6002780/kaim/SCNet/scnet/train.py", line 6, in <module>
    from .solver import Solver
  File "/lustre06/project/6002780/kaim/SCNet/scnet/solver.py", line 6, in <module>
    from . import augment
  File "/lustre06/project/6002780/kaim/SCNet/scnet/augment.py", line 10, in <module>
    from pedalboard import (
ModuleNotFoundError: No module named 'pedalboard'
Traceback (most recent call last):
  File "/lustre06/project/6002780/kaim/SCNet/env/bin/accelerate", line 8, in <module>
    sys.exit(main())
  File "/lustre06/project/6002780/kaim/SCNet/env/lib/python3.10/site-packages/accelerate/commands/accelerate_cli.py", line 48, in main
    args.func(args)
  File "/lustre06/project/6002780/kaim/SCNet/env/lib/python3.10/site-packages/accelerate/commands/launch.py", line 1097, in launch_command
    simple_launcher(args)
  File "/lustre06/project/6002780/kaim/SCNet/env/lib/python3.10/site-packages/accelerate/commands/launch.py", line 703, in simple_launcher
    raise subprocess.CalledProcessError(returncode=process.returncode, cmd=cmd)
subprocess.CalledProcessError: Command '['/lustre06/project/6002780/kaim/SCNet/env/bin/python3', '-m', 'scnet.train']' returned non-zero exit status 1.
